ERROR ~ Cannot get property 'sarscov2' on null object

 -- Check script 'meta/mock.nf' at line: 32 or see '/home/luisasantus/Desktop/multiplesequencealign/.nf-test/tests/e59a51502a5748d8a4e13f3e8d2e1d0c/meta/nextflow.log' file for more details
