ERROR ~ No such file or directory: /home/luisasantus/Desktop/multiplesequencealign/.nf-test/tests/3bf6ba65b391b749a14c1550a30a605f/nullgenomics/sarscov2/illumina/bam/test.paired_end.sorted.bam

 -- Check script 'meta/mock.nf' at line: 33 or see '/home/luisasantus/Desktop/multiplesequencealign/.nf-test/tests/3bf6ba65b391b749a14c1550a30a605f/meta/nextflow.log' file for more details
