ERROR ~ Cannot get property 'sarscov2' on null object

 -- Check script 'meta/mock.nf' at line: 33 or see '/home/luisasantus/Desktop/multiplesequencealign/.nf-test/tests/8cf14af7c1859a9f505b997d570d946d/meta/nextflow.log' file for more details
