ERROR ~ Cannot get property 'sarscov2' on null object

 -- Check script 'meta/mock.nf' at line: 32 or see '/home/luisasantus/Desktop/multiplesequencealign/.nf-test/tests/e105185c4fb8e599d6222680a8c626db/meta/nextflow.log' file for more details
