ERROR ~ Cannot get property 'sarscov2' on null object

 -- Check script 'meta/mock.nf' at line: 33 or see '/home/luisasantus/Desktop/multiplesequencealign/.nf-test/tests/c3586b9e5f9ec2881d9404237bde48f9/meta/nextflow.log' file for more details
