ERROR ~ Cannot get property 'sarscov2' on null object

 -- Check script 'meta/mock.nf' at line: 32 or see '/home/luisasantus/Desktop/multiplesequencealign/.nf-test/tests/e5d089175d8e680788adcfa4b71e1d70/meta/nextflow.log' file for more details
