{
    "versions_structure": {
        "content": [
            [
                "versions.yml:md5,4d38a2c2211ee21b5c1b181e8260f5f7"
            ]
        ],
        "timestamp": "2023-11-28T12:26:47.937090039"
    },
    "versions": {
        "content": [
            [
                "versions.yml:md5,4d38a2c2211ee21b5c1b181e8260f5f7"
            ]
        ],
        "timestamp": "2023-11-28T12:26:26.949694794"
    },
    "versions_guidtree": {
        "content": [
            [
                "versions.yml:md5,4d38a2c2211ee21b5c1b181e8260f5f7"
            ]
        ],
        "timestamp": "2023-11-28T12:26:36.766599176"
    },
    "msa": {
        "content": [
            [
                [
                    {
                        "id": "test"
                    },
                    "test.aln:md5,bd1db08ad04514cc6d1334598c1a6ef0"
                ]
            ]
        ],
        "timestamp": "2023-11-28T12:26:26.904709139"
    },
    "msa_guidetree": {
        "content": [
            [
                [
                    {
                        "id": "test"
                    },
                    "test.aln:md5,93bc8adfcd88f7913718eacc13da8e4a"
                ]
            ]
        ],
        "timestamp": "2023-11-28T12:26:36.702189365"
    },
    "alignment": {
        "content": [
            [
                [
                    {
                        "id": "test"
                    },
                    "test_null-args-null_null-args-null.aln:md5,fd9552c58a7cf34ff3d6c927f69119fb"
                ]
            ]
        ],
        "timestamp": "2024-03-14T14:58:46.938037"
    }
}