ERROR ~ Cannot get property 'sarscov2' on null object

 -- Check script 'meta/mock.nf' at line: 33 or see '/home/luisasantus/Desktop/multiplesequencealign/.nf-test/tests/f9f73dfc9bb3fe20ee01f7799f4d390f/meta/nextflow.log' file for more details
