ERROR ~ No such file or directory: /home/luisasantus/Desktop/multiplesequencealign/.nf-test/tests/beb26ac660c8611dcb1d3f8c78fb221b/nullgenomics/sarscov2/illumina/fastqc/test_fastqc.zip

 -- Check script 'meta/mock.nf' at line: 31 or see '/home/luisasantus/Desktop/multiplesequencealign/.nf-test/tests/beb26ac660c8611dcb1d3f8c78fb221b/meta/nextflow.log' file for more details
