ERROR ~ Cannot get property 'sarscov2' on null object

 -- Check script 'meta/mock.nf' at line: 32 or see '/home/luisasantus/Desktop/multiplesequencealign/.nf-test/tests/fdbcfaa2bfb7a798993b2ba9deb35680/meta/nextflow.log' file for more details
