ERROR ~ Cannot get property 'sarscov2' on null object

 -- Check script 'meta/mock.nf' at line: 33 or see '/home/luisasantus/Desktop/multiplesequencealign/.nf-test/tests/616ae0ef56c50cedd3f64d3235197c44/meta/nextflow.log' file for more details
