ERROR ~ Cannot get property 'sarscov2' on null object

 -- Check script 'meta/mock.nf' at line: 33 or see '/home/luisasantus/Desktop/multiplesequencealign/.nf-test/tests/16dbcd1856299ac3c6642df298581a9e/meta/nextflow.log' file for more details
