ERROR ~ No such file or directory: /home/luisasantus/Desktop/multiplesequencealign/.nf-test/tests/1549d7ae1e2df5a7848dbfb56de5fc31/nullgenomics/sarscov2/illumina/fastq/test_1.fastq.gz

 -- Check script 'meta/mock.nf' at line: 33 or see '/home/luisasantus/Desktop/multiplesequencealign/.nf-test/tests/1549d7ae1e2df5a7848dbfb56de5fc31/meta/nextflow.log' file for more details
