ERROR ~ No such file or directory: /home/luisasantus/Desktop/multiplesequencealign/.nf-test/tests/575c4f308bc5250ff2deaec78232fd41/nullgenomics/sarscov2/illumina/fastqc/test_fastqc.zip

 -- Check script 'meta/mock.nf' at line: 31 or see '/home/luisasantus/Desktop/multiplesequencealign/.nf-test/tests/575c4f308bc5250ff2deaec78232fd41/meta/nextflow.log' file for more details
