ERROR ~ Cannot get property 'sarscov2' on null object

 -- Check script 'meta/mock.nf' at line: 33 or see '/home/luisasantus/Desktop/multiplesequencealign/.nf-test/tests/cbbcf84205f8a75d9866a101ee7b3080/meta/nextflow.log' file for more details
