ERROR ~ Cannot get property 'sarscov2' on null object

 -- Check script 'meta/mock.nf' at line: 33 or see '/home/luisasantus/Desktop/multiplesequencealign/.nf-test/tests/7a681fd291a30c9bf789d293ddf8800d/meta/nextflow.log' file for more details
