ERROR ~ No such file or directory: /home/luisasantus/Desktop/multiplesequencealign/.nf-test/tests/d9ccb2e3aada95c401add2e0e4aae966/nullgenomics/sarscov2/illumina/fastqc/test_fastqc.zip

 -- Check script 'meta/mock.nf' at line: 31 or see '/home/luisasantus/Desktop/multiplesequencealign/.nf-test/tests/d9ccb2e3aada95c401add2e0e4aae966/meta/nextflow.log' file for more details
