ERROR ~ No such file or directory: /home/luisasantus/Desktop/multiplesequencealign/.nf-test/tests/a766ecfd805919ea55700999d32551be/nullgenomics/sarscov2/illumina/fastq/test_1.fastq.gz

 -- Check script 'meta/mock.nf' at line: 33 or see '/home/luisasantus/Desktop/multiplesequencealign/.nf-test/tests/a766ecfd805919ea55700999d32551be/meta/nextflow.log' file for more details
