ERROR ~ Cannot get property 'sarscov2' on null object

 -- Check script 'meta/mock.nf' at line: 32 or see '/home/luisasantus/Desktop/multiplesequencealign/.nf-test/tests/dd583ae65f8cbb8aacf984254ab9f275/meta/nextflow.log' file for more details
