ERROR ~ No such file or directory: /home/luisasantus/Desktop/multiplesequencealign/.nf-test/tests/4bcedc37fa430740c15fa6dca3a0b155/nullgenomics/sarscov2/illumina/fastq/test_1.fastq.gz

 -- Check script 'meta/mock.nf' at line: 33 or see '/home/luisasantus/Desktop/multiplesequencealign/.nf-test/tests/4bcedc37fa430740c15fa6dca3a0b155/meta/nextflow.log' file for more details
