ERROR ~ ERROR: Validation of pipeline parameters failed!

 -- Check '/home/luisasantus/Desktop/multiplesequencealign/.nf-test/tests/566cc633f809723ad8b7e6937166386c/meta/nextflow.log' file for details
